2025-08-14 22:12:19,292 [Worker-5: Loading available Gradle versions] INFO  o.e.b.c.i.u.g.PublishedGradleVersions - Gradle version information cache is not available. Remote download required.
2025-08-14 22:14:31,269 [Worker-0: Update Maven projects configuration] INFO  o.e.m.c.i.p.ProjectConfigurationManager - Update started
2025-08-14 22:14:38,050 [Worker-0: Update Maven projects configuration] INFO  o.e.m.c.i.l.LifecycleMappingFactory - Using org.eclipse.m2e.jdt.JarLifecycleMapping lifecycle mapping for MavenProject: com.licencia:conducirApi:0.0.1-SNAPSHOT @ D:\app\conducirApi\conducirApi\pom.xml.
2025-08-14 22:14:48,875 [Worker-0: Update Maven projects configuration] INFO  o.e.m.j.i.AbstractJavaProjectConfigurator - Adding source folder /conducirApi/src/main/java
2025-08-14 22:14:48,881 [Worker-0: Update Maven projects configuration] INFO  o.e.m.j.i.AbstractJavaProjectConfigurator - Adding resource folder /conducirApi/src/main/resources
2025-08-14 22:14:48,890 [Worker-0: Update Maven projects configuration] INFO  o.e.m.j.i.AbstractJavaProjectConfigurator - Adding resource folder /conducirApi/src/main/resources
2025-08-14 22:14:48,908 [Worker-0: Update Maven projects configuration] INFO  o.e.m.j.i.AbstractJavaProjectConfigurator - Adding source folder /conducirApi/src/test/java
2025-08-14 22:14:48,910 [Worker-0: Update Maven projects configuration] INFO  o.e.m.j.i.AbstractJavaProjectConfigurator - Adding resource folder /conducirApi/src/test/resources
2025-08-14 22:14:51,992 [Worker-0: Update Maven projects configuration] INFO  o.e.m.c.i.p.ProjectConfigurationManager - Update completed for 1 poms: local refresh takes 0.00 sec, refresh facades takes 15.00 sec, update config takes 5.00 sec 
2025-08-14 22:14:52,942 [Worker-0: Building] INFO  o.a.m.s.f.DefaultMavenResourcesFiltering - Copying 1 resource from src\main\resources to target\classes
2025-08-14 22:14:52,983 [Worker-0: Building] INFO  o.a.m.s.f.DefaultMavenResourcesFiltering - Copying 0 resource from src\main\resources to target\classes
2025-08-14 22:14:52,992 [Worker-0: Building] INFO  o.a.m.s.f.DefaultMavenResourcesFiltering - skip non existing resourceDirectory D:\app\conducirApi\conducirApi\src\test\resources
2025-08-14 22:20:41,862 [Worker-13: Building] INFO  o.e.m.c.i.l.LifecycleMappingFactory - Using org.eclipse.m2e.jdt.JarLifecycleMapping lifecycle mapping for MavenProject: com.licencia:conducirApi:0.0.1-SNAPSHOT @ D:\app\conducirApi\conducirApi\pom.xml.
2025-08-14 22:20:42,735 [Worker-13: Building] INFO  o.a.m.s.f.DefaultMavenResourcesFiltering - Copying 0 resource from src\main\resources to target\classes
2025-08-14 22:20:42,736 [Worker-13: Building] INFO  o.a.m.s.f.DefaultMavenResourcesFiltering - Copying 0 resource from src\main\resources to target\classes
2025-08-14 22:20:42,741 [Worker-13: Building] INFO  o.a.m.s.f.DefaultMavenResourcesFiltering - skip non existing resourceDirectory D:\app\conducirApi\conducirApi\src\test\resources
2025-08-14 22:20:55,665 [Worker-13: Launching Executing clean in D__app_conducirApi_conducirApi] INFO  o.eclipse.m2e.core.internal.Bundles - getClasspathEntries(Bundle=org.eclipse.m2e.maven.runtime_3.9.900.20250220-2013 [361])
2025-08-14 22:20:55,666 [Worker-13: Launching Executing clean in D__app_conducirApi_conducirApi] INFO  o.eclipse.m2e.core.internal.Bundles - 	Entry: C:\Program Files\sts-4.30.0\plugins\org.eclipse.m2e.maven.runtime_3.9.900.20250220-2013
2025-08-14 22:20:55,667 [Worker-13: Launching Executing clean in D__app_conducirApi_conducirApi] INFO  o.eclipse.m2e.core.internal.Bundles - 	Entry: C:\Program Files\sts-4.30.0\plugins\org.eclipse.m2e.maven.runtime_3.9.900.20250220-2013\jars\aopalliance-1.0.jar
2025-08-14 22:20:55,667 [Worker-13: Launching Executing clean in D__app_conducirApi_conducirApi] INFO  o.eclipse.m2e.core.internal.Bundles - 	Entry: C:\Program Files\sts-4.30.0\plugins\org.eclipse.m2e.maven.runtime_3.9.900.20250220-2013\jars\guice-5.1.0.jar
2025-08-14 22:20:55,667 [Worker-13: Launching Executing clean in D__app_conducirApi_conducirApi] INFO  o.eclipse.m2e.core.internal.Bundles - 	Entry: C:\Program Files\sts-4.30.0\plugins\org.eclipse.m2e.maven.runtime_3.9.900.20250220-2013\jars\httpclient-4.5.14.jar
2025-08-14 22:20:55,667 [Worker-13: Launching Executing clean in D__app_conducirApi_conducirApi] INFO  o.eclipse.m2e.core.internal.Bundles - 	Entry: C:\Program Files\sts-4.30.0\plugins\org.eclipse.m2e.maven.runtime_3.9.900.20250220-2013\jars\httpcore-4.4.16.jar
2025-08-14 22:20:55,668 [Worker-13: Launching Executing clean in D__app_conducirApi_conducirApi] INFO  o.eclipse.m2e.core.internal.Bundles - 	Entry: C:\Program Files\sts-4.30.0\plugins\org.eclipse.m2e.maven.runtime_3.9.900.20250220-2013\jars\jansi-2.4.1.jar
2025-08-14 22:20:55,668 [Worker-13: Launching Executing clean in D__app_conducirApi_conducirApi] INFO  o.eclipse.m2e.core.internal.Bundles - 	Entry: C:\Program Files\sts-4.30.0\plugins\org.eclipse.m2e.maven.runtime_3.9.900.20250220-2013\jars\jcl-over-slf4j-1.7.36.jar
2025-08-14 22:20:55,668 [Worker-13: Launching Executing clean in D__app_conducirApi_conducirApi] INFO  o.eclipse.m2e.core.internal.Bundles - 	Entry: C:\Program Files\sts-4.30.0\plugins\org.eclipse.m2e.maven.runtime_3.9.900.20250220-2013\jars\maven-artifact-3.9.9.jar
2025-08-14 22:20:55,668 [Worker-13: Launching Executing clean in D__app_conducirApi_conducirApi] INFO  o.eclipse.m2e.core.internal.Bundles - 	Entry: C:\Program Files\sts-4.30.0\plugins\org.eclipse.m2e.maven.runtime_3.9.900.20250220-2013\jars\maven-builder-support-3.9.9.jar
2025-08-14 22:20:55,668 [Worker-13: Launching Executing clean in D__app_conducirApi_conducirApi] INFO  o.eclipse.m2e.core.internal.Bundles - 	Entry: C:\Program Files\sts-4.30.0\plugins\org.eclipse.m2e.maven.runtime_3.9.900.20250220-2013\jars\maven-compat-3.9.9.jar
2025-08-14 22:20:55,668 [Worker-13: Launching Executing clean in D__app_conducirApi_conducirApi] INFO  o.eclipse.m2e.core.internal.Bundles - 	Entry: C:\Program Files\sts-4.30.0\plugins\org.eclipse.m2e.maven.runtime_3.9.900.20250220-2013\jars\maven-core-3.9.9.jar
2025-08-14 22:20:55,668 [Worker-13: Launching Executing clean in D__app_conducirApi_conducirApi] INFO  o.eclipse.m2e.core.internal.Bundles - 	Entry: C:\Program Files\sts-4.30.0\plugins\org.eclipse.m2e.maven.runtime_3.9.900.20250220-2013\jars\maven-embedder-3.9.9.jar
2025-08-14 22:20:55,668 [Worker-13: Launching Executing clean in D__app_conducirApi_conducirApi] INFO  o.eclipse.m2e.core.internal.Bundles - 	Entry: C:\Program Files\sts-4.30.0\plugins\org.eclipse.m2e.maven.runtime_3.9.900.20250220-2013\jars\maven-model-3.9.9.jar
2025-08-14 22:20:55,669 [Worker-13: Launching Executing clean in D__app_conducirApi_conducirApi] INFO  o.eclipse.m2e.core.internal.Bundles - 	Entry: C:\Program Files\sts-4.30.0\plugins\org.eclipse.m2e.maven.runtime_3.9.900.20250220-2013\jars\maven-model-builder-3.9.9.jar
2025-08-14 22:20:55,669 [Worker-13: Launching Executing clean in D__app_conducirApi_conducirApi] INFO  o.eclipse.m2e.core.internal.Bundles - 	Entry: C:\Program Files\sts-4.30.0\plugins\org.eclipse.m2e.maven.runtime_3.9.900.20250220-2013\jars\maven-plugin-api-3.9.9.jar
2025-08-14 22:20:55,669 [Worker-13: Launching Executing clean in D__app_conducirApi_conducirApi] INFO  o.eclipse.m2e.core.internal.Bundles - 	Entry: C:\Program Files\sts-4.30.0\plugins\org.eclipse.m2e.maven.runtime_3.9.900.20250220-2013\jars\maven-repository-metadata-3.9.9.jar
2025-08-14 22:20:55,669 [Worker-13: Launching Executing clean in D__app_conducirApi_conducirApi] INFO  o.eclipse.m2e.core.internal.Bundles - 	Entry: C:\Program Files\sts-4.30.0\plugins\org.eclipse.m2e.maven.runtime_3.9.900.20250220-2013\jars\maven-resolver-api-1.9.22.jar
2025-08-14 22:20:55,670 [Worker-13: Launching Executing clean in D__app_conducirApi_conducirApi] INFO  o.eclipse.m2e.core.internal.Bundles - 	Entry: C:\Program Files\sts-4.30.0\plugins\org.eclipse.m2e.maven.runtime_3.9.900.20250220-2013\jars\maven-resolver-connector-basic-1.9.22.jar
2025-08-14 22:20:55,670 [Worker-13: Launching Executing clean in D__app_conducirApi_conducirApi] INFO  o.eclipse.m2e.core.internal.Bundles - 	Entry: C:\Program Files\sts-4.30.0\plugins\org.eclipse.m2e.maven.runtime_3.9.900.20250220-2013\jars\maven-resolver-impl-1.9.22.jar
2025-08-14 22:20:55,670 [Worker-13: Launching Executing clean in D__app_conducirApi_conducirApi] INFO  o.eclipse.m2e.core.internal.Bundles - 	Entry: C:\Program Files\sts-4.30.0\plugins\org.eclipse.m2e.maven.runtime_3.9.900.20250220-2013\jars\maven-resolver-named-locks-1.9.22.jar
2025-08-14 22:20:55,670 [Worker-13: Launching Executing clean in D__app_conducirApi_conducirApi] INFO  o.eclipse.m2e.core.internal.Bundles - 	Entry: C:\Program Files\sts-4.30.0\plugins\org.eclipse.m2e.maven.runtime_3.9.900.20250220-2013\jars\maven-resolver-provider-3.9.9.jar
2025-08-14 22:20:55,670 [Worker-13: Launching Executing clean in D__app_conducirApi_conducirApi] INFO  o.eclipse.m2e.core.internal.Bundles - 	Entry: C:\Program Files\sts-4.30.0\plugins\org.eclipse.m2e.maven.runtime_3.9.900.20250220-2013\jars\maven-resolver-spi-1.9.22.jar
2025-08-14 22:20:55,670 [Worker-13: Launching Executing clean in D__app_conducirApi_conducirApi] INFO  o.eclipse.m2e.core.internal.Bundles - 	Entry: C:\Program Files\sts-4.30.0\plugins\org.eclipse.m2e.maven.runtime_3.9.900.20250220-2013\jars\maven-resolver-transport-file-1.9.22.jar
2025-08-14 22:20:55,670 [Worker-13: Launching Executing clean in D__app_conducirApi_conducirApi] INFO  o.eclipse.m2e.core.internal.Bundles - 	Entry: C:\Program Files\sts-4.30.0\plugins\org.eclipse.m2e.maven.runtime_3.9.900.20250220-2013\jars\maven-resolver-transport-http-1.9.22.jar
2025-08-14 22:20:55,670 [Worker-13: Launching Executing clean in D__app_conducirApi_conducirApi] INFO  o.eclipse.m2e.core.internal.Bundles - 	Entry: C:\Program Files\sts-4.30.0\plugins\org.eclipse.m2e.maven.runtime_3.9.900.20250220-2013\jars\maven-resolver-transport-wagon-1.9.22.jar
2025-08-14 22:20:55,670 [Worker-13: Launching Executing clean in D__app_conducirApi_conducirApi] INFO  o.eclipse.m2e.core.internal.Bundles - 	Entry: C:\Program Files\sts-4.30.0\plugins\org.eclipse.m2e.maven.runtime_3.9.900.20250220-2013\jars\maven-resolver-util-1.9.22.jar
2025-08-14 22:20:55,671 [Worker-13: Launching Executing clean in D__app_conducirApi_conducirApi] INFO  o.eclipse.m2e.core.internal.Bundles - 	Entry: C:\Program Files\sts-4.30.0\plugins\org.eclipse.m2e.maven.runtime_3.9.900.20250220-2013\jars\maven-settings-3.9.9.jar
2025-08-14 22:20:55,671 [Worker-13: Launching Executing clean in D__app_conducirApi_conducirApi] INFO  o.eclipse.m2e.core.internal.Bundles - 	Entry: C:\Program Files\sts-4.30.0\plugins\org.eclipse.m2e.maven.runtime_3.9.900.20250220-2013\jars\maven-settings-builder-3.9.9.jar
2025-08-14 22:20:55,671 [Worker-13: Launching Executing clean in D__app_conducirApi_conducirApi] INFO  o.eclipse.m2e.core.internal.Bundles - 	Entry: C:\Program Files\sts-4.30.0\plugins\org.eclipse.m2e.maven.runtime_3.9.900.20250220-2013\jars\maven-shared-utils-3.4.2.jar
2025-08-14 22:20:55,671 [Worker-13: Launching Executing clean in D__app_conducirApi_conducirApi] INFO  o.eclipse.m2e.core.internal.Bundles - 	Entry: C:\Program Files\sts-4.30.0\plugins\org.eclipse.m2e.maven.runtime_3.9.900.20250220-2013\jars\org.eclipse.sisu.inject-0.9.0.M3.jar
2025-08-14 22:20:55,671 [Worker-13: Launching Executing clean in D__app_conducirApi_conducirApi] INFO  o.eclipse.m2e.core.internal.Bundles - 	Entry: C:\Program Files\sts-4.30.0\plugins\org.eclipse.m2e.maven.runtime_3.9.900.20250220-2013\jars\org.eclipse.sisu.plexus-0.9.0.M3.jar
2025-08-14 22:20:55,671 [Worker-13: Launching Executing clean in D__app_conducirApi_conducirApi] INFO  o.eclipse.m2e.core.internal.Bundles - 	Entry: C:\Program Files\sts-4.30.0\plugins\org.eclipse.m2e.maven.runtime_3.9.900.20250220-2013\jars\plexus-build-api-0.0.7.jar
2025-08-14 22:20:55,671 [Worker-13: Launching Executing clean in D__app_conducirApi_conducirApi] INFO  o.eclipse.m2e.core.internal.Bundles - 	Entry: C:\Program Files\sts-4.30.0\plugins\org.eclipse.m2e.maven.runtime_3.9.900.20250220-2013\jars\plexus-build-api-1.2.0.jar
2025-08-14 22:20:55,671 [Worker-13: Launching Executing clean in D__app_conducirApi_conducirApi] INFO  o.eclipse.m2e.core.internal.Bundles - 	Entry: C:\Program Files\sts-4.30.0\plugins\org.eclipse.m2e.maven.runtime_3.9.900.20250220-2013\jars\plexus-cipher-2.0.jar
2025-08-14 22:20:55,671 [Worker-13: Launching Executing clean in D__app_conducirApi_conducirApi] INFO  o.eclipse.m2e.core.internal.Bundles - 	Entry: C:\Program Files\sts-4.30.0\plugins\org.eclipse.m2e.maven.runtime_3.9.900.20250220-2013\jars\plexus-classworlds-2.8.0.jar
2025-08-14 22:20:55,671 [Worker-13: Launching Executing clean in D__app_conducirApi_conducirApi] INFO  o.eclipse.m2e.core.internal.Bundles - 	Entry: C:\Program Files\sts-4.30.0\plugins\org.eclipse.m2e.maven.runtime_3.9.900.20250220-2013\jars\plexus-component-annotations-2.1.0.jar
2025-08-14 22:20:55,671 [Worker-13: Launching Executing clean in D__app_conducirApi_conducirApi] INFO  o.eclipse.m2e.core.internal.Bundles - 	Entry: C:\Program Files\sts-4.30.0\plugins\org.eclipse.m2e.maven.runtime_3.9.900.20250220-2013\jars\plexus-interpolation-1.27.jar
2025-08-14 22:20:55,672 [Worker-13: Launching Executing clean in D__app_conducirApi_conducirApi] INFO  o.eclipse.m2e.core.internal.Bundles - 	Entry: C:\Program Files\sts-4.30.0\plugins\org.eclipse.m2e.maven.runtime_3.9.900.20250220-2013\jars\plexus-sec-dispatcher-2.0.jar
2025-08-14 22:20:55,672 [Worker-13: Launching Executing clean in D__app_conducirApi_conducirApi] INFO  o.eclipse.m2e.core.internal.Bundles - 	Entry: C:\Program Files\sts-4.30.0\plugins\org.eclipse.m2e.maven.runtime_3.9.900.20250220-2013\jars\plexus-utils-3.5.1.jar
2025-08-14 22:20:55,672 [Worker-13: Launching Executing clean in D__app_conducirApi_conducirApi] INFO  o.eclipse.m2e.core.internal.Bundles - 	Entry: C:\Program Files\sts-4.30.0\plugins\org.eclipse.m2e.maven.runtime_3.9.900.20250220-2013\jars\plexus-xml-3.0.1.jar
2025-08-14 22:20:55,672 [Worker-13: Launching Executing clean in D__app_conducirApi_conducirApi] INFO  o.eclipse.m2e.core.internal.Bundles - 	Entry: C:\Program Files\sts-4.30.0\plugins\org.eclipse.m2e.maven.runtime_3.9.900.20250220-2013\jars\wagon-file-3.5.3.jar
2025-08-14 22:20:55,672 [Worker-13: Launching Executing clean in D__app_conducirApi_conducirApi] INFO  o.eclipse.m2e.core.internal.Bundles - 	Entry: C:\Program Files\sts-4.30.0\plugins\org.eclipse.m2e.maven.runtime_3.9.900.20250220-2013\jars\wagon-http-3.5.3.jar
2025-08-14 22:20:55,672 [Worker-13: Launching Executing clean in D__app_conducirApi_conducirApi] INFO  o.eclipse.m2e.core.internal.Bundles - 	Entry: C:\Program Files\sts-4.30.0\plugins\org.eclipse.m2e.maven.runtime_3.9.900.20250220-2013\jars\wagon-http-shared-3.5.3.jar
2025-08-14 22:20:55,672 [Worker-13: Launching Executing clean in D__app_conducirApi_conducirApi] INFO  o.eclipse.m2e.core.internal.Bundles - 	Entry: C:\Program Files\sts-4.30.0\plugins\org.eclipse.m2e.maven.runtime_3.9.900.20250220-2013\jars\wagon-provider-api-3.5.3.jar
2025-08-14 22:20:55,677 [Worker-13: Launching Executing clean in D__app_conducirApi_conducirApi] INFO  o.eclipse.m2e.core.internal.Bundles - getClasspathEntries(Bundle=com.google.guava_33.4.0.jre [29])
2025-08-14 22:20:55,677 [Worker-13: Launching Executing clean in D__app_conducirApi_conducirApi] INFO  o.eclipse.m2e.core.internal.Bundles - 	Entry: C:\Program Files\sts-4.30.0\plugins\com.google.guava_33.4.0.jre.jar
2025-08-14 22:20:55,678 [Worker-13: Launching Executing clean in D__app_conducirApi_conducirApi] INFO  o.eclipse.m2e.core.internal.Bundles - getClasspathEntries(Bundle=slf4j.api_2.0.17 [608])
2025-08-14 22:20:55,678 [Worker-13: Launching Executing clean in D__app_conducirApi_conducirApi] INFO  o.eclipse.m2e.core.internal.Bundles - 	Entry: C:\Program Files\sts-4.30.0\plugins\slf4j.api_2.0.17.jar
2025-08-14 22:20:55,678 [Worker-13: Launching Executing clean in D__app_conducirApi_conducirApi] INFO  o.eclipse.m2e.core.internal.Bundles - getClasspathEntries(Bundle=jakarta.inject.jakarta.inject-api_1.0.5 [45])
2025-08-14 22:20:55,678 [Worker-13: Launching Executing clean in D__app_conducirApi_conducirApi] INFO  o.eclipse.m2e.core.internal.Bundles - 	Entry: C:\Program Files\sts-4.30.0\plugins\jakarta.inject.jakarta.inject-api_1.0.5.jar
2025-08-14 22:20:55,678 [Worker-13: Launching Executing clean in D__app_conducirApi_conducirApi] INFO  o.eclipse.m2e.core.internal.Bundles - getClasspathEntries(Bundle=jakarta.annotation-api_1.3.5 [41])
2025-08-14 22:20:55,678 [Worker-13: Launching Executing clean in D__app_conducirApi_conducirApi] INFO  o.eclipse.m2e.core.internal.Bundles - 	Entry: C:\Program Files\sts-4.30.0\plugins\jakarta.annotation-api_1.3.5.jar
2025-08-14 22:20:55,678 [Worker-13: Launching Executing clean in D__app_conducirApi_conducirApi] INFO  o.eclipse.m2e.core.internal.Bundles - getClasspathEntries(Bundle=org.apache.commons.cli_1.9.0 [77])
2025-08-14 22:20:55,679 [Worker-13: Launching Executing clean in D__app_conducirApi_conducirApi] INFO  o.eclipse.m2e.core.internal.Bundles - 	Entry: C:\Program Files\sts-4.30.0\plugins\org.apache.commons.cli_1.9.0.jar
2025-08-14 22:20:55,679 [Worker-13: Launching Executing clean in D__app_conducirApi_conducirApi] INFO  o.eclipse.m2e.core.internal.Bundles - getClasspathEntries(Bundle=org.apache.commons.commons-codec_1.16.0 [79])
2025-08-14 22:20:55,679 [Worker-13: Launching Executing clean in D__app_conducirApi_conducirApi] INFO  o.eclipse.m2e.core.internal.Bundles - 	Entry: C:\Program Files\sts-4.30.0\plugins\org.apache.commons.commons-codec_1.16.0.jar
2025-08-14 22:20:55,679 [Worker-13: Launching Executing clean in D__app_conducirApi_conducirApi] INFO  o.eclipse.m2e.core.internal.Bundles - getClasspathEntries(Bundle=com.google.guava.failureaccess_1.0.2 [30])
2025-08-14 22:20:55,679 [Worker-13: Launching Executing clean in D__app_conducirApi_conducirApi] INFO  o.eclipse.m2e.core.internal.Bundles - 	Entry: C:\Program Files\sts-4.30.0\plugins\com.google.guava.failureaccess_1.0.2.jar
2025-08-14 22:20:55,683 [Worker-13: Launching Executing clean in D__app_conducirApi_conducirApi] INFO  o.e.m.i.launch.MavenLaunchDelegate - Run build in "D:\app\conducirApi\conducirApi":
2025-08-14 22:20:55,685 [Worker-13: Launching Executing clean in D__app_conducirApi_conducirApi] INFO  o.e.m.i.launch.MavenLaunchDelegate -  mvn  -B -Dstyle.color=always clean
2025-08-14 22:20:58,641 [Worker-11: Building] INFO  o.a.m.s.f.DefaultMavenResourcesFiltering - Copying 1 resource from src\main\resources to target\classes
2025-08-14 22:20:58,678 [Worker-11: Building] INFO  o.a.m.s.f.DefaultMavenResourcesFiltering - Copying 0 resource from src\main\resources to target\classes
2025-08-14 22:20:58,683 [Worker-11: Building] INFO  o.a.m.s.f.DefaultMavenResourcesFiltering - skip non existing resourceDirectory D:\app\conducirApi\conducirApi\src\test\resources
2025-08-14 22:21:08,216 [Worker-0: Launching Executing install in D__app_conducirApi_conducirApi] INFO  o.eclipse.m2e.core.internal.Bundles - getClasspathEntries(Bundle=org.eclipse.m2e.maven.runtime_3.9.900.20250220-2013 [361])
2025-08-14 22:21:08,216 [Worker-0: Launching Executing install in D__app_conducirApi_conducirApi] INFO  o.eclipse.m2e.core.internal.Bundles - 	Entry: C:\Program Files\sts-4.30.0\plugins\org.eclipse.m2e.maven.runtime_3.9.900.20250220-2013
2025-08-14 22:21:08,216 [Worker-0: Launching Executing install in D__app_conducirApi_conducirApi] INFO  o.eclipse.m2e.core.internal.Bundles - 	Entry: C:\Program Files\sts-4.30.0\plugins\org.eclipse.m2e.maven.runtime_3.9.900.20250220-2013\jars\aopalliance-1.0.jar
2025-08-14 22:21:08,217 [Worker-0: Launching Executing install in D__app_conducirApi_conducirApi] INFO  o.eclipse.m2e.core.internal.Bundles - 	Entry: C:\Program Files\sts-4.30.0\plugins\org.eclipse.m2e.maven.runtime_3.9.900.20250220-2013\jars\guice-5.1.0.jar
2025-08-14 22:21:08,217 [Worker-0: Launching Executing install in D__app_conducirApi_conducirApi] INFO  o.eclipse.m2e.core.internal.Bundles - 	Entry: C:\Program Files\sts-4.30.0\plugins\org.eclipse.m2e.maven.runtime_3.9.900.20250220-2013\jars\httpclient-4.5.14.jar
2025-08-14 22:21:08,217 [Worker-0: Launching Executing install in D__app_conducirApi_conducirApi] INFO  o.eclipse.m2e.core.internal.Bundles - 	Entry: C:\Program Files\sts-4.30.0\plugins\org.eclipse.m2e.maven.runtime_3.9.900.20250220-2013\jars\httpcore-4.4.16.jar
2025-08-14 22:21:08,217 [Worker-0: Launching Executing install in D__app_conducirApi_conducirApi] INFO  o.eclipse.m2e.core.internal.Bundles - 	Entry: C:\Program Files\sts-4.30.0\plugins\org.eclipse.m2e.maven.runtime_3.9.900.20250220-2013\jars\jansi-2.4.1.jar
2025-08-14 22:21:08,217 [Worker-0: Launching Executing install in D__app_conducirApi_conducirApi] INFO  o.eclipse.m2e.core.internal.Bundles - 	Entry: C:\Program Files\sts-4.30.0\plugins\org.eclipse.m2e.maven.runtime_3.9.900.20250220-2013\jars\jcl-over-slf4j-1.7.36.jar
2025-08-14 22:21:08,217 [Worker-0: Launching Executing install in D__app_conducirApi_conducirApi] INFO  o.eclipse.m2e.core.internal.Bundles - 	Entry: C:\Program Files\sts-4.30.0\plugins\org.eclipse.m2e.maven.runtime_3.9.900.20250220-2013\jars\maven-artifact-3.9.9.jar
2025-08-14 22:21:08,217 [Worker-0: Launching Executing install in D__app_conducirApi_conducirApi] INFO  o.eclipse.m2e.core.internal.Bundles - 	Entry: C:\Program Files\sts-4.30.0\plugins\org.eclipse.m2e.maven.runtime_3.9.900.20250220-2013\jars\maven-builder-support-3.9.9.jar
2025-08-14 22:21:08,217 [Worker-0: Launching Executing install in D__app_conducirApi_conducirApi] INFO  o.eclipse.m2e.core.internal.Bundles - 	Entry: C:\Program Files\sts-4.30.0\plugins\org.eclipse.m2e.maven.runtime_3.9.900.20250220-2013\jars\maven-compat-3.9.9.jar
2025-08-14 22:21:08,217 [Worker-0: Launching Executing install in D__app_conducirApi_conducirApi] INFO  o.eclipse.m2e.core.internal.Bundles - 	Entry: C:\Program Files\sts-4.30.0\plugins\org.eclipse.m2e.maven.runtime_3.9.900.20250220-2013\jars\maven-core-3.9.9.jar
2025-08-14 22:21:08,217 [Worker-0: Launching Executing install in D__app_conducirApi_conducirApi] INFO  o.eclipse.m2e.core.internal.Bundles - 	Entry: C:\Program Files\sts-4.30.0\plugins\org.eclipse.m2e.maven.runtime_3.9.900.20250220-2013\jars\maven-embedder-3.9.9.jar
2025-08-14 22:21:08,217 [Worker-0: Launching Executing install in D__app_conducirApi_conducirApi] INFO  o.eclipse.m2e.core.internal.Bundles - 	Entry: C:\Program Files\sts-4.30.0\plugins\org.eclipse.m2e.maven.runtime_3.9.900.20250220-2013\jars\maven-model-3.9.9.jar
2025-08-14 22:21:08,218 [Worker-0: Launching Executing install in D__app_conducirApi_conducirApi] INFO  o.eclipse.m2e.core.internal.Bundles - 	Entry: C:\Program Files\sts-4.30.0\plugins\org.eclipse.m2e.maven.runtime_3.9.900.20250220-2013\jars\maven-model-builder-3.9.9.jar
2025-08-14 22:21:08,218 [Worker-0: Launching Executing install in D__app_conducirApi_conducirApi] INFO  o.eclipse.m2e.core.internal.Bundles - 	Entry: C:\Program Files\sts-4.30.0\plugins\org.eclipse.m2e.maven.runtime_3.9.900.20250220-2013\jars\maven-plugin-api-3.9.9.jar
2025-08-14 22:21:08,218 [Worker-0: Launching Executing install in D__app_conducirApi_conducirApi] INFO  o.eclipse.m2e.core.internal.Bundles - 	Entry: C:\Program Files\sts-4.30.0\plugins\org.eclipse.m2e.maven.runtime_3.9.900.20250220-2013\jars\maven-repository-metadata-3.9.9.jar
2025-08-14 22:21:08,218 [Worker-0: Launching Executing install in D__app_conducirApi_conducirApi] INFO  o.eclipse.m2e.core.internal.Bundles - 	Entry: C:\Program Files\sts-4.30.0\plugins\org.eclipse.m2e.maven.runtime_3.9.900.20250220-2013\jars\maven-resolver-api-1.9.22.jar
2025-08-14 22:21:08,219 [Worker-0: Launching Executing install in D__app_conducirApi_conducirApi] INFO  o.eclipse.m2e.core.internal.Bundles - 	Entry: C:\Program Files\sts-4.30.0\plugins\org.eclipse.m2e.maven.runtime_3.9.900.20250220-2013\jars\maven-resolver-connector-basic-1.9.22.jar
2025-08-14 22:21:08,219 [Worker-0: Launching Executing install in D__app_conducirApi_conducirApi] INFO  o.eclipse.m2e.core.internal.Bundles - 	Entry: C:\Program Files\sts-4.30.0\plugins\org.eclipse.m2e.maven.runtime_3.9.900.20250220-2013\jars\maven-resolver-impl-1.9.22.jar
2025-08-14 22:21:08,219 [Worker-0: Launching Executing install in D__app_conducirApi_conducirApi] INFO  o.eclipse.m2e.core.internal.Bundles - 	Entry: C:\Program Files\sts-4.30.0\plugins\org.eclipse.m2e.maven.runtime_3.9.900.20250220-2013\jars\maven-resolver-named-locks-1.9.22.jar
2025-08-14 22:21:08,220 [Worker-0: Launching Executing install in D__app_conducirApi_conducirApi] INFO  o.eclipse.m2e.core.internal.Bundles - 	Entry: C:\Program Files\sts-4.30.0\plugins\org.eclipse.m2e.maven.runtime_3.9.900.20250220-2013\jars\maven-resolver-provider-3.9.9.jar
2025-08-14 22:21:08,220 [Worker-0: Launching Executing install in D__app_conducirApi_conducirApi] INFO  o.eclipse.m2e.core.internal.Bundles - 	Entry: C:\Program Files\sts-4.30.0\plugins\org.eclipse.m2e.maven.runtime_3.9.900.20250220-2013\jars\maven-resolver-spi-1.9.22.jar
2025-08-14 22:21:08,220 [Worker-0: Launching Executing install in D__app_conducirApi_conducirApi] INFO  o.eclipse.m2e.core.internal.Bundles - 	Entry: C:\Program Files\sts-4.30.0\plugins\org.eclipse.m2e.maven.runtime_3.9.900.20250220-2013\jars\maven-resolver-transport-file-1.9.22.jar
2025-08-14 22:21:08,220 [Worker-0: Launching Executing install in D__app_conducirApi_conducirApi] INFO  o.eclipse.m2e.core.internal.Bundles - 	Entry: C:\Program Files\sts-4.30.0\plugins\org.eclipse.m2e.maven.runtime_3.9.900.20250220-2013\jars\maven-resolver-transport-http-1.9.22.jar
2025-08-14 22:21:08,220 [Worker-0: Launching Executing install in D__app_conducirApi_conducirApi] INFO  o.eclipse.m2e.core.internal.Bundles - 	Entry: C:\Program Files\sts-4.30.0\plugins\org.eclipse.m2e.maven.runtime_3.9.900.20250220-2013\jars\maven-resolver-transport-wagon-1.9.22.jar
2025-08-14 22:21:08,221 [Worker-0: Launching Executing install in D__app_conducirApi_conducirApi] INFO  o.eclipse.m2e.core.internal.Bundles - 	Entry: C:\Program Files\sts-4.30.0\plugins\org.eclipse.m2e.maven.runtime_3.9.900.20250220-2013\jars\maven-resolver-util-1.9.22.jar
2025-08-14 22:21:08,221 [Worker-0: Launching Executing install in D__app_conducirApi_conducirApi] INFO  o.eclipse.m2e.core.internal.Bundles - 	Entry: C:\Program Files\sts-4.30.0\plugins\org.eclipse.m2e.maven.runtime_3.9.900.20250220-2013\jars\maven-settings-3.9.9.jar
2025-08-14 22:21:08,221 [Worker-0: Launching Executing install in D__app_conducirApi_conducirApi] INFO  o.eclipse.m2e.core.internal.Bundles - 	Entry: C:\Program Files\sts-4.30.0\plugins\org.eclipse.m2e.maven.runtime_3.9.900.20250220-2013\jars\maven-settings-builder-3.9.9.jar
2025-08-14 22:21:08,221 [Worker-0: Launching Executing install in D__app_conducirApi_conducirApi] INFO  o.eclipse.m2e.core.internal.Bundles - 	Entry: C:\Program Files\sts-4.30.0\plugins\org.eclipse.m2e.maven.runtime_3.9.900.20250220-2013\jars\maven-shared-utils-3.4.2.jar
2025-08-14 22:21:08,221 [Worker-0: Launching Executing install in D__app_conducirApi_conducirApi] INFO  o.eclipse.m2e.core.internal.Bundles - 	Entry: C:\Program Files\sts-4.30.0\plugins\org.eclipse.m2e.maven.runtime_3.9.900.20250220-2013\jars\org.eclipse.sisu.inject-0.9.0.M3.jar
2025-08-14 22:21:08,221 [Worker-0: Launching Executing install in D__app_conducirApi_conducirApi] INFO  o.eclipse.m2e.core.internal.Bundles - 	Entry: C:\Program Files\sts-4.30.0\plugins\org.eclipse.m2e.maven.runtime_3.9.900.20250220-2013\jars\org.eclipse.sisu.plexus-0.9.0.M3.jar
2025-08-14 22:21:08,222 [Worker-0: Launching Executing install in D__app_conducirApi_conducirApi] INFO  o.eclipse.m2e.core.internal.Bundles - 	Entry: C:\Program Files\sts-4.30.0\plugins\org.eclipse.m2e.maven.runtime_3.9.900.20250220-2013\jars\plexus-build-api-0.0.7.jar
2025-08-14 22:21:08,222 [Worker-0: Launching Executing install in D__app_conducirApi_conducirApi] INFO  o.eclipse.m2e.core.internal.Bundles - 	Entry: C:\Program Files\sts-4.30.0\plugins\org.eclipse.m2e.maven.runtime_3.9.900.20250220-2013\jars\plexus-build-api-1.2.0.jar
2025-08-14 22:21:08,222 [Worker-0: Launching Executing install in D__app_conducirApi_conducirApi] INFO  o.eclipse.m2e.core.internal.Bundles - 	Entry: C:\Program Files\sts-4.30.0\plugins\org.eclipse.m2e.maven.runtime_3.9.900.20250220-2013\jars\plexus-cipher-2.0.jar
2025-08-14 22:21:08,222 [Worker-0: Launching Executing install in D__app_conducirApi_conducirApi] INFO  o.eclipse.m2e.core.internal.Bundles - 	Entry: C:\Program Files\sts-4.30.0\plugins\org.eclipse.m2e.maven.runtime_3.9.900.20250220-2013\jars\plexus-classworlds-2.8.0.jar
2025-08-14 22:21:08,222 [Worker-0: Launching Executing install in D__app_conducirApi_conducirApi] INFO  o.eclipse.m2e.core.internal.Bundles - 	Entry: C:\Program Files\sts-4.30.0\plugins\org.eclipse.m2e.maven.runtime_3.9.900.20250220-2013\jars\plexus-component-annotations-2.1.0.jar
2025-08-14 22:21:08,223 [Worker-0: Launching Executing install in D__app_conducirApi_conducirApi] INFO  o.eclipse.m2e.core.internal.Bundles - 	Entry: C:\Program Files\sts-4.30.0\plugins\org.eclipse.m2e.maven.runtime_3.9.900.20250220-2013\jars\plexus-interpolation-1.27.jar
2025-08-14 22:21:08,223 [Worker-0: Launching Executing install in D__app_conducirApi_conducirApi] INFO  o.eclipse.m2e.core.internal.Bundles - 	Entry: C:\Program Files\sts-4.30.0\plugins\org.eclipse.m2e.maven.runtime_3.9.900.20250220-2013\jars\plexus-sec-dispatcher-2.0.jar
2025-08-14 22:21:08,223 [Worker-0: Launching Executing install in D__app_conducirApi_conducirApi] INFO  o.eclipse.m2e.core.internal.Bundles - 	Entry: C:\Program Files\sts-4.30.0\plugins\org.eclipse.m2e.maven.runtime_3.9.900.20250220-2013\jars\plexus-utils-3.5.1.jar
2025-08-14 22:21:08,223 [Worker-0: Launching Executing install in D__app_conducirApi_conducirApi] INFO  o.eclipse.m2e.core.internal.Bundles - 	Entry: C:\Program Files\sts-4.30.0\plugins\org.eclipse.m2e.maven.runtime_3.9.900.20250220-2013\jars\plexus-xml-3.0.1.jar
2025-08-14 22:21:08,223 [Worker-0: Launching Executing install in D__app_conducirApi_conducirApi] INFO  o.eclipse.m2e.core.internal.Bundles - 	Entry: C:\Program Files\sts-4.30.0\plugins\org.eclipse.m2e.maven.runtime_3.9.900.20250220-2013\jars\wagon-file-3.5.3.jar
2025-08-14 22:21:08,223 [Worker-0: Launching Executing install in D__app_conducirApi_conducirApi] INFO  o.eclipse.m2e.core.internal.Bundles - 	Entry: C:\Program Files\sts-4.30.0\plugins\org.eclipse.m2e.maven.runtime_3.9.900.20250220-2013\jars\wagon-http-3.5.3.jar
2025-08-14 22:21:08,224 [Worker-0: Launching Executing install in D__app_conducirApi_conducirApi] INFO  o.eclipse.m2e.core.internal.Bundles - 	Entry: C:\Program Files\sts-4.30.0\plugins\org.eclipse.m2e.maven.runtime_3.9.900.20250220-2013\jars\wagon-http-shared-3.5.3.jar
2025-08-14 22:21:08,224 [Worker-0: Launching Executing install in D__app_conducirApi_conducirApi] INFO  o.eclipse.m2e.core.internal.Bundles - 	Entry: C:\Program Files\sts-4.30.0\plugins\org.eclipse.m2e.maven.runtime_3.9.900.20250220-2013\jars\wagon-provider-api-3.5.3.jar
2025-08-14 22:21:08,225 [Worker-0: Launching Executing install in D__app_conducirApi_conducirApi] INFO  o.eclipse.m2e.core.internal.Bundles - getClasspathEntries(Bundle=com.google.guava_33.4.0.jre [29])
2025-08-14 22:21:08,225 [Worker-0: Launching Executing install in D__app_conducirApi_conducirApi] INFO  o.eclipse.m2e.core.internal.Bundles - 	Entry: C:\Program Files\sts-4.30.0\plugins\com.google.guava_33.4.0.jre.jar
2025-08-14 22:21:08,225 [Worker-0: Launching Executing install in D__app_conducirApi_conducirApi] INFO  o.eclipse.m2e.core.internal.Bundles - getClasspathEntries(Bundle=slf4j.api_2.0.17 [608])
2025-08-14 22:21:08,225 [Worker-0: Launching Executing install in D__app_conducirApi_conducirApi] INFO  o.eclipse.m2e.core.internal.Bundles - 	Entry: C:\Program Files\sts-4.30.0\plugins\slf4j.api_2.0.17.jar
2025-08-14 22:21:08,226 [Worker-0: Launching Executing install in D__app_conducirApi_conducirApi] INFO  o.eclipse.m2e.core.internal.Bundles - getClasspathEntries(Bundle=jakarta.inject.jakarta.inject-api_1.0.5 [45])
2025-08-14 22:21:08,226 [Worker-0: Launching Executing install in D__app_conducirApi_conducirApi] INFO  o.eclipse.m2e.core.internal.Bundles - 	Entry: C:\Program Files\sts-4.30.0\plugins\jakarta.inject.jakarta.inject-api_1.0.5.jar
2025-08-14 22:21:08,226 [Worker-0: Launching Executing install in D__app_conducirApi_conducirApi] INFO  o.eclipse.m2e.core.internal.Bundles - getClasspathEntries(Bundle=jakarta.annotation-api_1.3.5 [41])
2025-08-14 22:21:08,226 [Worker-0: Launching Executing install in D__app_conducirApi_conducirApi] INFO  o.eclipse.m2e.core.internal.Bundles - 	Entry: C:\Program Files\sts-4.30.0\plugins\jakarta.annotation-api_1.3.5.jar
2025-08-14 22:21:08,226 [Worker-0: Launching Executing install in D__app_conducirApi_conducirApi] INFO  o.eclipse.m2e.core.internal.Bundles - getClasspathEntries(Bundle=org.apache.commons.cli_1.9.0 [77])
2025-08-14 22:21:08,227 [Worker-0: Launching Executing install in D__app_conducirApi_conducirApi] INFO  o.eclipse.m2e.core.internal.Bundles - 	Entry: C:\Program Files\sts-4.30.0\plugins\org.apache.commons.cli_1.9.0.jar
2025-08-14 22:21:08,227 [Worker-0: Launching Executing install in D__app_conducirApi_conducirApi] INFO  o.eclipse.m2e.core.internal.Bundles - getClasspathEntries(Bundle=org.apache.commons.commons-codec_1.16.0 [79])
2025-08-14 22:21:08,227 [Worker-0: Launching Executing install in D__app_conducirApi_conducirApi] INFO  o.eclipse.m2e.core.internal.Bundles - 	Entry: C:\Program Files\sts-4.30.0\plugins\org.apache.commons.commons-codec_1.16.0.jar
2025-08-14 22:21:08,227 [Worker-0: Launching Executing install in D__app_conducirApi_conducirApi] INFO  o.eclipse.m2e.core.internal.Bundles - getClasspathEntries(Bundle=com.google.guava.failureaccess_1.0.2 [30])
2025-08-14 22:21:08,227 [Worker-0: Launching Executing install in D__app_conducirApi_conducirApi] INFO  o.eclipse.m2e.core.internal.Bundles - 	Entry: C:\Program Files\sts-4.30.0\plugins\com.google.guava.failureaccess_1.0.2.jar
2025-08-14 22:21:08,228 [Worker-0: Launching Executing install in D__app_conducirApi_conducirApi] INFO  o.e.m.i.launch.MavenLaunchDelegate - Run build in "D:\app\conducirApi\conducirApi":
2025-08-14 22:21:08,229 [Worker-0: Launching Executing install in D__app_conducirApi_conducirApi] INFO  o.e.m.i.launch.MavenLaunchDelegate -  mvn  -B -Dstyle.color=always install
2025-08-14 22:22:10,644 [Worker-1: Building] INFO  o.e.m.c.i.l.LifecycleMappingFactory - Using org.eclipse.m2e.jdt.JarLifecycleMapping lifecycle mapping for MavenProject: com.licencia:conducirApi:0.0.1-SNAPSHOT @ D:\app\conducirApi\conducirApi\pom.xml.
2025-08-14 22:22:11,562 [Worker-1: Building] INFO  o.a.m.s.f.DefaultMavenResourcesFiltering - Copying 0 resource from src\main\resources to target\classes
2025-08-14 22:22:11,563 [Worker-1: Building] INFO  o.a.m.s.f.DefaultMavenResourcesFiltering - Copying 0 resource from src\main\resources to target\classes
2025-08-14 22:22:11,572 [Worker-1: Building] INFO  o.a.m.s.f.DefaultMavenResourcesFiltering - skip non existing resourceDirectory D:\app\conducirApi\conducirApi\src\test\resources
2025-08-14 22:22:20,741 [Worker-1: Building] INFO  o.a.m.s.f.DefaultMavenResourcesFiltering - Copying 1 resource from src\main\resources to target\classes
2025-08-14 22:22:20,770 [Worker-1: Building] INFO  o.a.m.s.f.DefaultMavenResourcesFiltering - Copying 0 resource from src\main\resources to target\classes
2025-08-14 22:22:20,773 [Worker-1: Building] INFO  o.a.m.s.f.DefaultMavenResourcesFiltering - skip non existing resourceDirectory D:\app\conducirApi\conducirApi\src\test\resources
2025-08-14 22:22:30,603 [Worker-6: Building] INFO  o.a.m.s.f.DefaultMavenResourcesFiltering - Copying 1 resource from src\main\resources to target\classes
2025-08-14 22:22:30,606 [Worker-6: Building] INFO  o.a.m.s.f.DefaultMavenResourcesFiltering - Copying 0 resource from src\main\resources to target\classes
2025-08-14 22:22:30,611 [Worker-6: Building] INFO  o.a.m.s.f.DefaultMavenResourcesFiltering - skip non existing resourceDirectory D:\app\conducirApi\conducirApi\src\test\resources
2025-08-14 22:22:35,988 [Worker-0: Launching Executing clean in D__app_conducirApi_conducirApi] INFO  o.eclipse.m2e.core.internal.Bundles - getClasspathEntries(Bundle=org.eclipse.m2e.maven.runtime_3.9.900.20250220-2013 [361])
2025-08-14 22:22:35,990 [Worker-0: Launching Executing clean in D__app_conducirApi_conducirApi] INFO  o.eclipse.m2e.core.internal.Bundles - 	Entry: C:\Program Files\sts-4.30.0\plugins\org.eclipse.m2e.maven.runtime_3.9.900.20250220-2013
2025-08-14 22:22:35,990 [Worker-0: Launching Executing clean in D__app_conducirApi_conducirApi] INFO  o.eclipse.m2e.core.internal.Bundles - 	Entry: C:\Program Files\sts-4.30.0\plugins\org.eclipse.m2e.maven.runtime_3.9.900.20250220-2013\jars\aopalliance-1.0.jar
2025-08-14 22:22:35,991 [Worker-0: Launching Executing clean in D__app_conducirApi_conducirApi] INFO  o.eclipse.m2e.core.internal.Bundles - 	Entry: C:\Program Files\sts-4.30.0\plugins\org.eclipse.m2e.maven.runtime_3.9.900.20250220-2013\jars\guice-5.1.0.jar
2025-08-14 22:22:35,991 [Worker-0: Launching Executing clean in D__app_conducirApi_conducirApi] INFO  o.eclipse.m2e.core.internal.Bundles - 	Entry: C:\Program Files\sts-4.30.0\plugins\org.eclipse.m2e.maven.runtime_3.9.900.20250220-2013\jars\httpclient-4.5.14.jar
2025-08-14 22:22:35,992 [Worker-0: Launching Executing clean in D__app_conducirApi_conducirApi] INFO  o.eclipse.m2e.core.internal.Bundles - 	Entry: C:\Program Files\sts-4.30.0\plugins\org.eclipse.m2e.maven.runtime_3.9.900.20250220-2013\jars\httpcore-4.4.16.jar
2025-08-14 22:22:35,992 [Worker-0: Launching Executing clean in D__app_conducirApi_conducirApi] INFO  o.eclipse.m2e.core.internal.Bundles - 	Entry: C:\Program Files\sts-4.30.0\plugins\org.eclipse.m2e.maven.runtime_3.9.900.20250220-2013\jars\jansi-2.4.1.jar
2025-08-14 22:22:35,993 [Worker-0: Launching Executing clean in D__app_conducirApi_conducirApi] INFO  o.eclipse.m2e.core.internal.Bundles - 	Entry: C:\Program Files\sts-4.30.0\plugins\org.eclipse.m2e.maven.runtime_3.9.900.20250220-2013\jars\jcl-over-slf4j-1.7.36.jar
2025-08-14 22:22:35,993 [Worker-0: Launching Executing clean in D__app_conducirApi_conducirApi] INFO  o.eclipse.m2e.core.internal.Bundles - 	Entry: C:\Program Files\sts-4.30.0\plugins\org.eclipse.m2e.maven.runtime_3.9.900.20250220-2013\jars\maven-artifact-3.9.9.jar
2025-08-14 22:22:35,993 [Worker-0: Launching Executing clean in D__app_conducirApi_conducirApi] INFO  o.eclipse.m2e.core.internal.Bundles - 	Entry: C:\Program Files\sts-4.30.0\plugins\org.eclipse.m2e.maven.runtime_3.9.900.20250220-2013\jars\maven-builder-support-3.9.9.jar
2025-08-14 22:22:35,993 [Worker-0: Launching Executing clean in D__app_conducirApi_conducirApi] INFO  o.eclipse.m2e.core.internal.Bundles - 	Entry: C:\Program Files\sts-4.30.0\plugins\org.eclipse.m2e.maven.runtime_3.9.900.20250220-2013\jars\maven-compat-3.9.9.jar
2025-08-14 22:22:35,993 [Worker-0: Launching Executing clean in D__app_conducirApi_conducirApi] INFO  o.eclipse.m2e.core.internal.Bundles - 	Entry: C:\Program Files\sts-4.30.0\plugins\org.eclipse.m2e.maven.runtime_3.9.900.20250220-2013\jars\maven-core-3.9.9.jar
2025-08-14 22:22:35,994 [Worker-0: Launching Executing clean in D__app_conducirApi_conducirApi] INFO  o.eclipse.m2e.core.internal.Bundles - 	Entry: C:\Program Files\sts-4.30.0\plugins\org.eclipse.m2e.maven.runtime_3.9.900.20250220-2013\jars\maven-embedder-3.9.9.jar
2025-08-14 22:22:35,994 [Worker-0: Launching Executing clean in D__app_conducirApi_conducirApi] INFO  o.eclipse.m2e.core.internal.Bundles - 	Entry: C:\Program Files\sts-4.30.0\plugins\org.eclipse.m2e.maven.runtime_3.9.900.20250220-2013\jars\maven-model-3.9.9.jar
2025-08-14 22:22:35,994 [Worker-0: Launching Executing clean in D__app_conducirApi_conducirApi] INFO  o.eclipse.m2e.core.internal.Bundles - 	Entry: C:\Program Files\sts-4.30.0\plugins\org.eclipse.m2e.maven.runtime_3.9.900.20250220-2013\jars\maven-model-builder-3.9.9.jar
2025-08-14 22:22:35,994 [Worker-0: Launching Executing clean in D__app_conducirApi_conducirApi] INFO  o.eclipse.m2e.core.internal.Bundles - 	Entry: C:\Program Files\sts-4.30.0\plugins\org.eclipse.m2e.maven.runtime_3.9.900.20250220-2013\jars\maven-plugin-api-3.9.9.jar
2025-08-14 22:22:35,994 [Worker-0: Launching Executing clean in D__app_conducirApi_conducirApi] INFO  o.eclipse.m2e.core.internal.Bundles - 	Entry: C:\Program Files\sts-4.30.0\plugins\org.eclipse.m2e.maven.runtime_3.9.900.20250220-2013\jars\maven-repository-metadata-3.9.9.jar
2025-08-14 22:22:35,994 [Worker-0: Launching Executing clean in D__app_conducirApi_conducirApi] INFO  o.eclipse.m2e.core.internal.Bundles - 	Entry: C:\Program Files\sts-4.30.0\plugins\org.eclipse.m2e.maven.runtime_3.9.900.20250220-2013\jars\maven-resolver-api-1.9.22.jar
2025-08-14 22:22:35,994 [Worker-0: Launching Executing clean in D__app_conducirApi_conducirApi] INFO  o.eclipse.m2e.core.internal.Bundles - 	Entry: C:\Program Files\sts-4.30.0\plugins\org.eclipse.m2e.maven.runtime_3.9.900.20250220-2013\jars\maven-resolver-connector-basic-1.9.22.jar
2025-08-14 22:22:35,994 [Worker-0: Launching Executing clean in D__app_conducirApi_conducirApi] INFO  o.eclipse.m2e.core.internal.Bundles - 	Entry: C:\Program Files\sts-4.30.0\plugins\org.eclipse.m2e.maven.runtime_3.9.900.20250220-2013\jars\maven-resolver-impl-1.9.22.jar
2025-08-14 22:22:35,994 [Worker-0: Launching Executing clean in D__app_conducirApi_conducirApi] INFO  o.eclipse.m2e.core.internal.Bundles - 	Entry: C:\Program Files\sts-4.30.0\plugins\org.eclipse.m2e.maven.runtime_3.9.900.20250220-2013\jars\maven-resolver-named-locks-1.9.22.jar
2025-08-14 22:22:35,994 [Worker-0: Launching Executing clean in D__app_conducirApi_conducirApi] INFO  o.eclipse.m2e.core.internal.Bundles - 	Entry: C:\Program Files\sts-4.30.0\plugins\org.eclipse.m2e.maven.runtime_3.9.900.20250220-2013\jars\maven-resolver-provider-3.9.9.jar
2025-08-14 22:22:35,995 [Worker-0: Launching Executing clean in D__app_conducirApi_conducirApi] INFO  o.eclipse.m2e.core.internal.Bundles - 	Entry: C:\Program Files\sts-4.30.0\plugins\org.eclipse.m2e.maven.runtime_3.9.900.20250220-2013\jars\maven-resolver-spi-1.9.22.jar
2025-08-14 22:22:35,995 [Worker-0: Launching Executing clean in D__app_conducirApi_conducirApi] INFO  o.eclipse.m2e.core.internal.Bundles - 	Entry: C:\Program Files\sts-4.30.0\plugins\org.eclipse.m2e.maven.runtime_3.9.900.20250220-2013\jars\maven-resolver-transport-file-1.9.22.jar
2025-08-14 22:22:35,995 [Worker-0: Launching Executing clean in D__app_conducirApi_conducirApi] INFO  o.eclipse.m2e.core.internal.Bundles - 	Entry: C:\Program Files\sts-4.30.0\plugins\org.eclipse.m2e.maven.runtime_3.9.900.20250220-2013\jars\maven-resolver-transport-http-1.9.22.jar
2025-08-14 22:22:35,995 [Worker-0: Launching Executing clean in D__app_conducirApi_conducirApi] INFO  o.eclipse.m2e.core.internal.Bundles - 	Entry: C:\Program Files\sts-4.30.0\plugins\org.eclipse.m2e.maven.runtime_3.9.900.20250220-2013\jars\maven-resolver-transport-wagon-1.9.22.jar
2025-08-14 22:22:35,995 [Worker-0: Launching Executing clean in D__app_conducirApi_conducirApi] INFO  o.eclipse.m2e.core.internal.Bundles - 	Entry: C:\Program Files\sts-4.30.0\plugins\org.eclipse.m2e.maven.runtime_3.9.900.20250220-2013\jars\maven-resolver-util-1.9.22.jar
2025-08-14 22:22:35,995 [Worker-0: Launching Executing clean in D__app_conducirApi_conducirApi] INFO  o.eclipse.m2e.core.internal.Bundles - 	Entry: C:\Program Files\sts-4.30.0\plugins\org.eclipse.m2e.maven.runtime_3.9.900.20250220-2013\jars\maven-settings-3.9.9.jar
2025-08-14 22:22:35,995 [Worker-0: Launching Executing clean in D__app_conducirApi_conducirApi] INFO  o.eclipse.m2e.core.internal.Bundles - 	Entry: C:\Program Files\sts-4.30.0\plugins\org.eclipse.m2e.maven.runtime_3.9.900.20250220-2013\jars\maven-settings-builder-3.9.9.jar
2025-08-14 22:22:35,995 [Worker-0: Launching Executing clean in D__app_conducirApi_conducirApi] INFO  o.eclipse.m2e.core.internal.Bundles - 	Entry: C:\Program Files\sts-4.30.0\plugins\org.eclipse.m2e.maven.runtime_3.9.900.20250220-2013\jars\maven-shared-utils-3.4.2.jar
2025-08-14 22:22:35,995 [Worker-0: Launching Executing clean in D__app_conducirApi_conducirApi] INFO  o.eclipse.m2e.core.internal.Bundles - 	Entry: C:\Program Files\sts-4.30.0\plugins\org.eclipse.m2e.maven.runtime_3.9.900.20250220-2013\jars\org.eclipse.sisu.inject-0.9.0.M3.jar
2025-08-14 22:22:35,995 [Worker-0: Launching Executing clean in D__app_conducirApi_conducirApi] INFO  o.eclipse.m2e.core.internal.Bundles - 	Entry: C:\Program Files\sts-4.30.0\plugins\org.eclipse.m2e.maven.runtime_3.9.900.20250220-2013\jars\org.eclipse.sisu.plexus-0.9.0.M3.jar
2025-08-14 22:22:35,996 [Worker-0: Launching Executing clean in D__app_conducirApi_conducirApi] INFO  o.eclipse.m2e.core.internal.Bundles - 	Entry: C:\Program Files\sts-4.30.0\plugins\org.eclipse.m2e.maven.runtime_3.9.900.20250220-2013\jars\plexus-build-api-0.0.7.jar
2025-08-14 22:22:35,996 [Worker-0: Launching Executing clean in D__app_conducirApi_conducirApi] INFO  o.eclipse.m2e.core.internal.Bundles - 	Entry: C:\Program Files\sts-4.30.0\plugins\org.eclipse.m2e.maven.runtime_3.9.900.20250220-2013\jars\plexus-build-api-1.2.0.jar
2025-08-14 22:22:35,996 [Worker-0: Launching Executing clean in D__app_conducirApi_conducirApi] INFO  o.eclipse.m2e.core.internal.Bundles - 	Entry: C:\Program Files\sts-4.30.0\plugins\org.eclipse.m2e.maven.runtime_3.9.900.20250220-2013\jars\plexus-cipher-2.0.jar
2025-08-14 22:22:35,996 [Worker-0: Launching Executing clean in D__app_conducirApi_conducirApi] INFO  o.eclipse.m2e.core.internal.Bundles - 	Entry: C:\Program Files\sts-4.30.0\plugins\org.eclipse.m2e.maven.runtime_3.9.900.20250220-2013\jars\plexus-classworlds-2.8.0.jar
2025-08-14 22:22:35,996 [Worker-0: Launching Executing clean in D__app_conducirApi_conducirApi] INFO  o.eclipse.m2e.core.internal.Bundles - 	Entry: C:\Program Files\sts-4.30.0\plugins\org.eclipse.m2e.maven.runtime_3.9.900.20250220-2013\jars\plexus-component-annotations-2.1.0.jar
2025-08-14 22:22:35,997 [Worker-0: Launching Executing clean in D__app_conducirApi_conducirApi] INFO  o.eclipse.m2e.core.internal.Bundles - 	Entry: C:\Program Files\sts-4.30.0\plugins\org.eclipse.m2e.maven.runtime_3.9.900.20250220-2013\jars\plexus-interpolation-1.27.jar
2025-08-14 22:22:35,997 [Worker-0: Launching Executing clean in D__app_conducirApi_conducirApi] INFO  o.eclipse.m2e.core.internal.Bundles - 	Entry: C:\Program Files\sts-4.30.0\plugins\org.eclipse.m2e.maven.runtime_3.9.900.20250220-2013\jars\plexus-sec-dispatcher-2.0.jar
2025-08-14 22:22:35,997 [Worker-0: Launching Executing clean in D__app_conducirApi_conducirApi] INFO  o.eclipse.m2e.core.internal.Bundles - 	Entry: C:\Program Files\sts-4.30.0\plugins\org.eclipse.m2e.maven.runtime_3.9.900.20250220-2013\jars\plexus-utils-3.5.1.jar
2025-08-14 22:22:35,997 [Worker-0: Launching Executing clean in D__app_conducirApi_conducirApi] INFO  o.eclipse.m2e.core.internal.Bundles - 	Entry: C:\Program Files\sts-4.30.0\plugins\org.eclipse.m2e.maven.runtime_3.9.900.20250220-2013\jars\plexus-xml-3.0.1.jar
2025-08-14 22:22:35,997 [Worker-0: Launching Executing clean in D__app_conducirApi_conducirApi] INFO  o.eclipse.m2e.core.internal.Bundles - 	Entry: C:\Program Files\sts-4.30.0\plugins\org.eclipse.m2e.maven.runtime_3.9.900.20250220-2013\jars\wagon-file-3.5.3.jar
2025-08-14 22:22:35,997 [Worker-0: Launching Executing clean in D__app_conducirApi_conducirApi] INFO  o.eclipse.m2e.core.internal.Bundles - 	Entry: C:\Program Files\sts-4.30.0\plugins\org.eclipse.m2e.maven.runtime_3.9.900.20250220-2013\jars\wagon-http-3.5.3.jar
2025-08-14 22:22:35,998 [Worker-0: Launching Executing clean in D__app_conducirApi_conducirApi] INFO  o.eclipse.m2e.core.internal.Bundles - 	Entry: C:\Program Files\sts-4.30.0\plugins\org.eclipse.m2e.maven.runtime_3.9.900.20250220-2013\jars\wagon-http-shared-3.5.3.jar
2025-08-14 22:22:35,998 [Worker-0: Launching Executing clean in D__app_conducirApi_conducirApi] INFO  o.eclipse.m2e.core.internal.Bundles - 	Entry: C:\Program Files\sts-4.30.0\plugins\org.eclipse.m2e.maven.runtime_3.9.900.20250220-2013\jars\wagon-provider-api-3.5.3.jar
2025-08-14 22:22:35,998 [Worker-0: Launching Executing clean in D__app_conducirApi_conducirApi] INFO  o.eclipse.m2e.core.internal.Bundles - getClasspathEntries(Bundle=com.google.guava_33.4.0.jre [29])
2025-08-14 22:22:35,999 [Worker-0: Launching Executing clean in D__app_conducirApi_conducirApi] INFO  o.eclipse.m2e.core.internal.Bundles - 	Entry: C:\Program Files\sts-4.30.0\plugins\com.google.guava_33.4.0.jre.jar
2025-08-14 22:22:35,999 [Worker-0: Launching Executing clean in D__app_conducirApi_conducirApi] INFO  o.eclipse.m2e.core.internal.Bundles - getClasspathEntries(Bundle=slf4j.api_2.0.17 [608])
2025-08-14 22:22:35,999 [Worker-0: Launching Executing clean in D__app_conducirApi_conducirApi] INFO  o.eclipse.m2e.core.internal.Bundles - 	Entry: C:\Program Files\sts-4.30.0\plugins\slf4j.api_2.0.17.jar
2025-08-14 22:22:35,999 [Worker-0: Launching Executing clean in D__app_conducirApi_conducirApi] INFO  o.eclipse.m2e.core.internal.Bundles - getClasspathEntries(Bundle=jakarta.inject.jakarta.inject-api_1.0.5 [45])
2025-08-14 22:22:35,999 [Worker-0: Launching Executing clean in D__app_conducirApi_conducirApi] INFO  o.eclipse.m2e.core.internal.Bundles - 	Entry: C:\Program Files\sts-4.30.0\plugins\jakarta.inject.jakarta.inject-api_1.0.5.jar
2025-08-14 22:22:36,000 [Worker-0: Launching Executing clean in D__app_conducirApi_conducirApi] INFO  o.eclipse.m2e.core.internal.Bundles - getClasspathEntries(Bundle=jakarta.annotation-api_1.3.5 [41])
2025-08-14 22:22:36,000 [Worker-0: Launching Executing clean in D__app_conducirApi_conducirApi] INFO  o.eclipse.m2e.core.internal.Bundles - 	Entry: C:\Program Files\sts-4.30.0\plugins\jakarta.annotation-api_1.3.5.jar
2025-08-14 22:22:36,000 [Worker-0: Launching Executing clean in D__app_conducirApi_conducirApi] INFO  o.eclipse.m2e.core.internal.Bundles - getClasspathEntries(Bundle=org.apache.commons.cli_1.9.0 [77])
2025-08-14 22:22:36,000 [Worker-0: Launching Executing clean in D__app_conducirApi_conducirApi] INFO  o.eclipse.m2e.core.internal.Bundles - 	Entry: C:\Program Files\sts-4.30.0\plugins\org.apache.commons.cli_1.9.0.jar
2025-08-14 22:22:36,001 [Worker-0: Launching Executing clean in D__app_conducirApi_conducirApi] INFO  o.eclipse.m2e.core.internal.Bundles - getClasspathEntries(Bundle=org.apache.commons.commons-codec_1.16.0 [79])
2025-08-14 22:22:36,001 [Worker-0: Launching Executing clean in D__app_conducirApi_conducirApi] INFO  o.eclipse.m2e.core.internal.Bundles - 	Entry: C:\Program Files\sts-4.30.0\plugins\org.apache.commons.commons-codec_1.16.0.jar
2025-08-14 22:22:36,001 [Worker-0: Launching Executing clean in D__app_conducirApi_conducirApi] INFO  o.eclipse.m2e.core.internal.Bundles - getClasspathEntries(Bundle=com.google.guava.failureaccess_1.0.2 [30])
2025-08-14 22:22:36,001 [Worker-0: Launching Executing clean in D__app_conducirApi_conducirApi] INFO  o.eclipse.m2e.core.internal.Bundles - 	Entry: C:\Program Files\sts-4.30.0\plugins\com.google.guava.failureaccess_1.0.2.jar
2025-08-14 22:22:36,002 [Worker-0: Launching Executing clean in D__app_conducirApi_conducirApi] INFO  o.e.m.i.launch.MavenLaunchDelegate - Run build in "D:\app\conducirApi\conducirApi":
2025-08-14 22:22:36,002 [Worker-0: Launching Executing clean in D__app_conducirApi_conducirApi] INFO  o.e.m.i.launch.MavenLaunchDelegate -  mvn  -B -Dstyle.color=always clean
2025-08-14 22:22:38,975 [Worker-14: Building] INFO  o.a.m.s.f.DefaultMavenResourcesFiltering - Copying 1 resource from src\main\resources to target\classes
2025-08-14 22:22:38,977 [Worker-14: Building] INFO  o.a.m.s.f.DefaultMavenResourcesFiltering - Copying 0 resource from src\main\resources to target\classes
2025-08-14 22:22:38,980 [Worker-14: Building] INFO  o.a.m.s.f.DefaultMavenResourcesFiltering - skip non existing resourceDirectory D:\app\conducirApi\conducirApi\src\test\resources
2025-08-14 22:22:47,935 [Worker-2: Launching Executing install in D__app_conducirApi_conducirApi] INFO  o.eclipse.m2e.core.internal.Bundles - getClasspathEntries(Bundle=org.eclipse.m2e.maven.runtime_3.9.900.20250220-2013 [361])
2025-08-14 22:22:47,935 [Worker-2: Launching Executing install in D__app_conducirApi_conducirApi] INFO  o.eclipse.m2e.core.internal.Bundles - 	Entry: C:\Program Files\sts-4.30.0\plugins\org.eclipse.m2e.maven.runtime_3.9.900.20250220-2013
2025-08-14 22:22:47,936 [Worker-2: Launching Executing install in D__app_conducirApi_conducirApi] INFO  o.eclipse.m2e.core.internal.Bundles - 	Entry: C:\Program Files\sts-4.30.0\plugins\org.eclipse.m2e.maven.runtime_3.9.900.20250220-2013\jars\aopalliance-1.0.jar
2025-08-14 22:22:47,936 [Worker-2: Launching Executing install in D__app_conducirApi_conducirApi] INFO  o.eclipse.m2e.core.internal.Bundles - 	Entry: C:\Program Files\sts-4.30.0\plugins\org.eclipse.m2e.maven.runtime_3.9.900.20250220-2013\jars\guice-5.1.0.jar
2025-08-14 22:22:47,936 [Worker-2: Launching Executing install in D__app_conducirApi_conducirApi] INFO  o.eclipse.m2e.core.internal.Bundles - 	Entry: C:\Program Files\sts-4.30.0\plugins\org.eclipse.m2e.maven.runtime_3.9.900.20250220-2013\jars\httpclient-4.5.14.jar
2025-08-14 22:22:47,936 [Worker-2: Launching Executing install in D__app_conducirApi_conducirApi] INFO  o.eclipse.m2e.core.internal.Bundles - 	Entry: C:\Program Files\sts-4.30.0\plugins\org.eclipse.m2e.maven.runtime_3.9.900.20250220-2013\jars\httpcore-4.4.16.jar
2025-08-14 22:22:47,936 [Worker-2: Launching Executing install in D__app_conducirApi_conducirApi] INFO  o.eclipse.m2e.core.internal.Bundles - 	Entry: C:\Program Files\sts-4.30.0\plugins\org.eclipse.m2e.maven.runtime_3.9.900.20250220-2013\jars\jansi-2.4.1.jar
2025-08-14 22:22:47,936 [Worker-2: Launching Executing install in D__app_conducirApi_conducirApi] INFO  o.eclipse.m2e.core.internal.Bundles - 	Entry: C:\Program Files\sts-4.30.0\plugins\org.eclipse.m2e.maven.runtime_3.9.900.20250220-2013\jars\jcl-over-slf4j-1.7.36.jar
2025-08-14 22:22:47,936 [Worker-2: Launching Executing install in D__app_conducirApi_conducirApi] INFO  o.eclipse.m2e.core.internal.Bundles - 	Entry: C:\Program Files\sts-4.30.0\plugins\org.eclipse.m2e.maven.runtime_3.9.900.20250220-2013\jars\maven-artifact-3.9.9.jar
2025-08-14 22:22:47,937 [Worker-2: Launching Executing install in D__app_conducirApi_conducirApi] INFO  o.eclipse.m2e.core.internal.Bundles - 	Entry: C:\Program Files\sts-4.30.0\plugins\org.eclipse.m2e.maven.runtime_3.9.900.20250220-2013\jars\maven-builder-support-3.9.9.jar
2025-08-14 22:22:47,937 [Worker-2: Launching Executing install in D__app_conducirApi_conducirApi] INFO  o.eclipse.m2e.core.internal.Bundles - 	Entry: C:\Program Files\sts-4.30.0\plugins\org.eclipse.m2e.maven.runtime_3.9.900.20250220-2013\jars\maven-compat-3.9.9.jar
2025-08-14 22:22:47,937 [Worker-2: Launching Executing install in D__app_conducirApi_conducirApi] INFO  o.eclipse.m2e.core.internal.Bundles - 	Entry: C:\Program Files\sts-4.30.0\plugins\org.eclipse.m2e.maven.runtime_3.9.900.20250220-2013\jars\maven-core-3.9.9.jar
2025-08-14 22:22:47,937 [Worker-2: Launching Executing install in D__app_conducirApi_conducirApi] INFO  o.eclipse.m2e.core.internal.Bundles - 	Entry: C:\Program Files\sts-4.30.0\plugins\org.eclipse.m2e.maven.runtime_3.9.900.20250220-2013\jars\maven-embedder-3.9.9.jar
2025-08-14 22:22:47,937 [Worker-2: Launching Executing install in D__app_conducirApi_conducirApi] INFO  o.eclipse.m2e.core.internal.Bundles - 	Entry: C:\Program Files\sts-4.30.0\plugins\org.eclipse.m2e.maven.runtime_3.9.900.20250220-2013\jars\maven-model-3.9.9.jar
2025-08-14 22:22:47,937 [Worker-2: Launching Executing install in D__app_conducirApi_conducirApi] INFO  o.eclipse.m2e.core.internal.Bundles - 	Entry: C:\Program Files\sts-4.30.0\plugins\org.eclipse.m2e.maven.runtime_3.9.900.20250220-2013\jars\maven-model-builder-3.9.9.jar
2025-08-14 22:22:47,937 [Worker-2: Launching Executing install in D__app_conducirApi_conducirApi] INFO  o.eclipse.m2e.core.internal.Bundles - 	Entry: C:\Program Files\sts-4.30.0\plugins\org.eclipse.m2e.maven.runtime_3.9.900.20250220-2013\jars\maven-plugin-api-3.9.9.jar
2025-08-14 22:22:47,937 [Worker-2: Launching Executing install in D__app_conducirApi_conducirApi] INFO  o.eclipse.m2e.core.internal.Bundles - 	Entry: C:\Program Files\sts-4.30.0\plugins\org.eclipse.m2e.maven.runtime_3.9.900.20250220-2013\jars\maven-repository-metadata-3.9.9.jar
2025-08-14 22:22:47,937 [Worker-2: Launching Executing install in D__app_conducirApi_conducirApi] INFO  o.eclipse.m2e.core.internal.Bundles - 	Entry: C:\Program Files\sts-4.30.0\plugins\org.eclipse.m2e.maven.runtime_3.9.900.20250220-2013\jars\maven-resolver-api-1.9.22.jar
2025-08-14 22:22:47,937 [Worker-2: Launching Executing install in D__app_conducirApi_conducirApi] INFO  o.eclipse.m2e.core.internal.Bundles - 	Entry: C:\Program Files\sts-4.30.0\plugins\org.eclipse.m2e.maven.runtime_3.9.900.20250220-2013\jars\maven-resolver-connector-basic-1.9.22.jar
2025-08-14 22:22:47,937 [Worker-2: Launching Executing install in D__app_conducirApi_conducirApi] INFO  o.eclipse.m2e.core.internal.Bundles - 	Entry: C:\Program Files\sts-4.30.0\plugins\org.eclipse.m2e.maven.runtime_3.9.900.20250220-2013\jars\maven-resolver-impl-1.9.22.jar
2025-08-14 22:22:47,937 [Worker-2: Launching Executing install in D__app_conducirApi_conducirApi] INFO  o.eclipse.m2e.core.internal.Bundles - 	Entry: C:\Program Files\sts-4.30.0\plugins\org.eclipse.m2e.maven.runtime_3.9.900.20250220-2013\jars\maven-resolver-named-locks-1.9.22.jar
2025-08-14 22:22:47,938 [Worker-2: Launching Executing install in D__app_conducirApi_conducirApi] INFO  o.eclipse.m2e.core.internal.Bundles - 	Entry: C:\Program Files\sts-4.30.0\plugins\org.eclipse.m2e.maven.runtime_3.9.900.20250220-2013\jars\maven-resolver-provider-3.9.9.jar
2025-08-14 22:22:47,938 [Worker-2: Launching Executing install in D__app_conducirApi_conducirApi] INFO  o.eclipse.m2e.core.internal.Bundles - 	Entry: C:\Program Files\sts-4.30.0\plugins\org.eclipse.m2e.maven.runtime_3.9.900.20250220-2013\jars\maven-resolver-spi-1.9.22.jar
2025-08-14 22:22:47,938 [Worker-2: Launching Executing install in D__app_conducirApi_conducirApi] INFO  o.eclipse.m2e.core.internal.Bundles - 	Entry: C:\Program Files\sts-4.30.0\plugins\org.eclipse.m2e.maven.runtime_3.9.900.20250220-2013\jars\maven-resolver-transport-file-1.9.22.jar
2025-08-14 22:22:47,938 [Worker-2: Launching Executing install in D__app_conducirApi_conducirApi] INFO  o.eclipse.m2e.core.internal.Bundles - 	Entry: C:\Program Files\sts-4.30.0\plugins\org.eclipse.m2e.maven.runtime_3.9.900.20250220-2013\jars\maven-resolver-transport-http-1.9.22.jar
2025-08-14 22:22:47,938 [Worker-2: Launching Executing install in D__app_conducirApi_conducirApi] INFO  o.eclipse.m2e.core.internal.Bundles - 	Entry: C:\Program Files\sts-4.30.0\plugins\org.eclipse.m2e.maven.runtime_3.9.900.20250220-2013\jars\maven-resolver-transport-wagon-1.9.22.jar
2025-08-14 22:22:47,938 [Worker-2: Launching Executing install in D__app_conducirApi_conducirApi] INFO  o.eclipse.m2e.core.internal.Bundles - 	Entry: C:\Program Files\sts-4.30.0\plugins\org.eclipse.m2e.maven.runtime_3.9.900.20250220-2013\jars\maven-resolver-util-1.9.22.jar
2025-08-14 22:22:47,938 [Worker-2: Launching Executing install in D__app_conducirApi_conducirApi] INFO  o.eclipse.m2e.core.internal.Bundles - 	Entry: C:\Program Files\sts-4.30.0\plugins\org.eclipse.m2e.maven.runtime_3.9.900.20250220-2013\jars\maven-settings-3.9.9.jar
2025-08-14 22:22:47,938 [Worker-2: Launching Executing install in D__app_conducirApi_conducirApi] INFO  o.eclipse.m2e.core.internal.Bundles - 	Entry: C:\Program Files\sts-4.30.0\plugins\org.eclipse.m2e.maven.runtime_3.9.900.20250220-2013\jars\maven-settings-builder-3.9.9.jar
2025-08-14 22:22:47,938 [Worker-2: Launching Executing install in D__app_conducirApi_conducirApi] INFO  o.eclipse.m2e.core.internal.Bundles - 	Entry: C:\Program Files\sts-4.30.0\plugins\org.eclipse.m2e.maven.runtime_3.9.900.20250220-2013\jars\maven-shared-utils-3.4.2.jar
2025-08-14 22:22:47,939 [Worker-2: Launching Executing install in D__app_conducirApi_conducirApi] INFO  o.eclipse.m2e.core.internal.Bundles - 	Entry: C:\Program Files\sts-4.30.0\plugins\org.eclipse.m2e.maven.runtime_3.9.900.20250220-2013\jars\org.eclipse.sisu.inject-0.9.0.M3.jar
2025-08-14 22:22:47,939 [Worker-2: Launching Executing install in D__app_conducirApi_conducirApi] INFO  o.eclipse.m2e.core.internal.Bundles - 	Entry: C:\Program Files\sts-4.30.0\plugins\org.eclipse.m2e.maven.runtime_3.9.900.20250220-2013\jars\org.eclipse.sisu.plexus-0.9.0.M3.jar
2025-08-14 22:22:47,939 [Worker-2: Launching Executing install in D__app_conducirApi_conducirApi] INFO  o.eclipse.m2e.core.internal.Bundles - 	Entry: C:\Program Files\sts-4.30.0\plugins\org.eclipse.m2e.maven.runtime_3.9.900.20250220-2013\jars\plexus-build-api-0.0.7.jar
2025-08-14 22:22:47,940 [Worker-2: Launching Executing install in D__app_conducirApi_conducirApi] INFO  o.eclipse.m2e.core.internal.Bundles - 	Entry: C:\Program Files\sts-4.30.0\plugins\org.eclipse.m2e.maven.runtime_3.9.900.20250220-2013\jars\plexus-build-api-1.2.0.jar
2025-08-14 22:22:47,940 [Worker-2: Launching Executing install in D__app_conducirApi_conducirApi] INFO  o.eclipse.m2e.core.internal.Bundles - 	Entry: C:\Program Files\sts-4.30.0\plugins\org.eclipse.m2e.maven.runtime_3.9.900.20250220-2013\jars\plexus-cipher-2.0.jar
2025-08-14 22:22:47,941 [Worker-2: Launching Executing install in D__app_conducirApi_conducirApi] INFO  o.eclipse.m2e.core.internal.Bundles - 	Entry: C:\Program Files\sts-4.30.0\plugins\org.eclipse.m2e.maven.runtime_3.9.900.20250220-2013\jars\plexus-classworlds-2.8.0.jar
2025-08-14 22:22:47,941 [Worker-2: Launching Executing install in D__app_conducirApi_conducirApi] INFO  o.eclipse.m2e.core.internal.Bundles - 	Entry: C:\Program Files\sts-4.30.0\plugins\org.eclipse.m2e.maven.runtime_3.9.900.20250220-2013\jars\plexus-component-annotations-2.1.0.jar
2025-08-14 22:22:47,941 [Worker-2: Launching Executing install in D__app_conducirApi_conducirApi] INFO  o.eclipse.m2e.core.internal.Bundles - 	Entry: C:\Program Files\sts-4.30.0\plugins\org.eclipse.m2e.maven.runtime_3.9.900.20250220-2013\jars\plexus-interpolation-1.27.jar
2025-08-14 22:22:47,941 [Worker-2: Launching Executing install in D__app_conducirApi_conducirApi] INFO  o.eclipse.m2e.core.internal.Bundles - 	Entry: C:\Program Files\sts-4.30.0\plugins\org.eclipse.m2e.maven.runtime_3.9.900.20250220-2013\jars\plexus-sec-dispatcher-2.0.jar
2025-08-14 22:22:47,941 [Worker-2: Launching Executing install in D__app_conducirApi_conducirApi] INFO  o.eclipse.m2e.core.internal.Bundles - 	Entry: C:\Program Files\sts-4.30.0\plugins\org.eclipse.m2e.maven.runtime_3.9.900.20250220-2013\jars\plexus-utils-3.5.1.jar
2025-08-14 22:22:47,942 [Worker-2: Launching Executing install in D__app_conducirApi_conducirApi] INFO  o.eclipse.m2e.core.internal.Bundles - 	Entry: C:\Program Files\sts-4.30.0\plugins\org.eclipse.m2e.maven.runtime_3.9.900.20250220-2013\jars\plexus-xml-3.0.1.jar
2025-08-14 22:22:47,942 [Worker-2: Launching Executing install in D__app_conducirApi_conducirApi] INFO  o.eclipse.m2e.core.internal.Bundles - 	Entry: C:\Program Files\sts-4.30.0\plugins\org.eclipse.m2e.maven.runtime_3.9.900.20250220-2013\jars\wagon-file-3.5.3.jar
2025-08-14 22:22:47,942 [Worker-2: Launching Executing install in D__app_conducirApi_conducirApi] INFO  o.eclipse.m2e.core.internal.Bundles - 	Entry: C:\Program Files\sts-4.30.0\plugins\org.eclipse.m2e.maven.runtime_3.9.900.20250220-2013\jars\wagon-http-3.5.3.jar
2025-08-14 22:22:47,942 [Worker-2: Launching Executing install in D__app_conducirApi_conducirApi] INFO  o.eclipse.m2e.core.internal.Bundles - 	Entry: C:\Program Files\sts-4.30.0\plugins\org.eclipse.m2e.maven.runtime_3.9.900.20250220-2013\jars\wagon-http-shared-3.5.3.jar
2025-08-14 22:22:47,942 [Worker-2: Launching Executing install in D__app_conducirApi_conducirApi] INFO  o.eclipse.m2e.core.internal.Bundles - 	Entry: C:\Program Files\sts-4.30.0\plugins\org.eclipse.m2e.maven.runtime_3.9.900.20250220-2013\jars\wagon-provider-api-3.5.3.jar
2025-08-14 22:22:47,942 [Worker-2: Launching Executing install in D__app_conducirApi_conducirApi] INFO  o.eclipse.m2e.core.internal.Bundles - getClasspathEntries(Bundle=com.google.guava_33.4.0.jre [29])
2025-08-14 22:22:47,943 [Worker-2: Launching Executing install in D__app_conducirApi_conducirApi] INFO  o.eclipse.m2e.core.internal.Bundles - 	Entry: C:\Program Files\sts-4.30.0\plugins\com.google.guava_33.4.0.jre.jar
2025-08-14 22:22:47,943 [Worker-2: Launching Executing install in D__app_conducirApi_conducirApi] INFO  o.eclipse.m2e.core.internal.Bundles - getClasspathEntries(Bundle=slf4j.api_2.0.17 [608])
2025-08-14 22:22:47,943 [Worker-2: Launching Executing install in D__app_conducirApi_conducirApi] INFO  o.eclipse.m2e.core.internal.Bundles - 	Entry: C:\Program Files\sts-4.30.0\plugins\slf4j.api_2.0.17.jar
2025-08-14 22:22:47,943 [Worker-2: Launching Executing install in D__app_conducirApi_conducirApi] INFO  o.eclipse.m2e.core.internal.Bundles - getClasspathEntries(Bundle=jakarta.inject.jakarta.inject-api_1.0.5 [45])
2025-08-14 22:22:47,943 [Worker-2: Launching Executing install in D__app_conducirApi_conducirApi] INFO  o.eclipse.m2e.core.internal.Bundles - 	Entry: C:\Program Files\sts-4.30.0\plugins\jakarta.inject.jakarta.inject-api_1.0.5.jar
2025-08-14 22:22:47,943 [Worker-2: Launching Executing install in D__app_conducirApi_conducirApi] INFO  o.eclipse.m2e.core.internal.Bundles - getClasspathEntries(Bundle=jakarta.annotation-api_1.3.5 [41])
2025-08-14 22:22:47,944 [Worker-2: Launching Executing install in D__app_conducirApi_conducirApi] INFO  o.eclipse.m2e.core.internal.Bundles - 	Entry: C:\Program Files\sts-4.30.0\plugins\jakarta.annotation-api_1.3.5.jar
2025-08-14 22:22:47,944 [Worker-2: Launching Executing install in D__app_conducirApi_conducirApi] INFO  o.eclipse.m2e.core.internal.Bundles - getClasspathEntries(Bundle=org.apache.commons.cli_1.9.0 [77])
2025-08-14 22:22:47,944 [Worker-2: Launching Executing install in D__app_conducirApi_conducirApi] INFO  o.eclipse.m2e.core.internal.Bundles - 	Entry: C:\Program Files\sts-4.30.0\plugins\org.apache.commons.cli_1.9.0.jar
2025-08-14 22:22:47,944 [Worker-2: Launching Executing install in D__app_conducirApi_conducirApi] INFO  o.eclipse.m2e.core.internal.Bundles - getClasspathEntries(Bundle=org.apache.commons.commons-codec_1.16.0 [79])
2025-08-14 22:22:47,945 [Worker-2: Launching Executing install in D__app_conducirApi_conducirApi] INFO  o.eclipse.m2e.core.internal.Bundles - 	Entry: C:\Program Files\sts-4.30.0\plugins\org.apache.commons.commons-codec_1.16.0.jar
2025-08-14 22:22:47,945 [Worker-2: Launching Executing install in D__app_conducirApi_conducirApi] INFO  o.eclipse.m2e.core.internal.Bundles - getClasspathEntries(Bundle=com.google.guava.failureaccess_1.0.2 [30])
2025-08-14 22:22:47,945 [Worker-2: Launching Executing install in D__app_conducirApi_conducirApi] INFO  o.eclipse.m2e.core.internal.Bundles - 	Entry: C:\Program Files\sts-4.30.0\plugins\com.google.guava.failureaccess_1.0.2.jar
2025-08-14 22:22:47,946 [Worker-2: Launching Executing install in D__app_conducirApi_conducirApi] INFO  o.e.m.i.launch.MavenLaunchDelegate - Run build in "D:\app\conducirApi\conducirApi":
2025-08-14 22:22:47,946 [Worker-2: Launching Executing install in D__app_conducirApi_conducirApi] INFO  o.e.m.i.launch.MavenLaunchDelegate -  mvn  -B -Dstyle.color=always install
